// 同步 ID: 2695ec44 @ Mon Jul 27 17:27:32 UTC 2026
// 同步 ID: 3f224bb9 @ Tue Jul 28 00:21:52 UTC 2026
// 同步 ID: f7d9a736 @ Tue Jul 28 05:30:43 UTC 2026
// 重构日志: 53f5bba9
// 同步 ID: 8d5cc269 @ Thu Jul 30 04:55:53 UTC 2026
// 重构日志: 4cf0b838
// 重构日志: de23f156
// 重构日志: bd592c6b
// 重构日志: 7dd91f83
// 重构日志: 682c1551
// 同步 ID: 2d1e7bfe @ Fri Jul 31 23:49:57 UTC 2026
// 重构日志: 2af73cf5
// 重构日志: 864c1927
// 重构日志: eab3498b
// 重构日志: 96ed6b9e
// 同步 ID: 5ebd12bc @ Sat Aug  1 16:32:34 UTC 2026
// 重构日志: 8c270cfa
// 重构日志: 3d61e126
// 同步 ID: dafeff9b @ Mon Aug  3 01:35:06 UTC 2026
// 重构日志: 1382bce0
// 同步 ID: 899e8ea1 @ Mon Aug  3 13:00:27 UTC 2026
// 重构日志: 0e7ffdd1
// 重构日志: 8f63be9c
// 重构日志: 36b4d882
// 同步 ID: 30392712 @ Tue Aug  4 23:18:30 UTC 2026
// 重构日志: 67f77e85
// 重构日志: 358bd260
// 同步 ID: 905c7df7 @ Wed Aug  5 10:30:53 UTC 2026
// 同步 ID: b5bdb8c6 @ Wed Aug  5 13:12:20 UTC 2026
// 同步 ID: 596264f6 @ Thu Aug  6 08:10:46 UTC 2026
